// Jest Snapshot v1, https://goo.gl/fbAQLP

exports[`renders correctly 1`] = `
<RNCSafeAreaProvider
  onInsetsChange={[Function]}
  style={
    Array [
      Object {
        "flex": 1,
      },
      undefined,
    ]
  }
>
  <View
    flex={1}
    justifyContent="flex-end"
    style={
      Array [
        Object {
          "flexBasis": 0,
          "flexGrow": 1,
          "flexShrink": 1,
          "justifyContent": "flex-end",
          "width": "100%",
        },
      ]
    }
    w="100%"
  >
    <View
      bg="cyan.100"
      justifyContent="center"
      py={2}
      style={
        Array [
          Object {
            "backgroundColor": "#cffafe",
            "justifyContent": "center",
            "paddingBottom": 8,
            "paddingTop": 8,
          },
        ]
      }
    >
      <View
        bg="cyan.300"
        h="8px"
        mx={4}
        rounded="pill"
        style={
          Array [
            Object {
              "backgroundColor": "#67e8f9",
              "borderRadius": 25,
              "height": 8,
              "marginLeft": 16,
              "marginRight": 16,
              "width": "40%",
            },
          ]
        }
        w="40%"
      />
      <View
        aria-orientation="horizontal"
        bg="cyan.300"
        height="1px"
        my={2}
        style={
          Array [
            Object {
              "backgroundColor": "#67e8f9",
              "height": 1,
              "marginBottom": 8,
              "marginTop": 8,
              "width": "100%",
            },
          ]
        }
        width="100%"
      />
      <View
        bg="cyan.300"
        h="8px"
        mx={4}
        rounded="pill"
        style={
          Array [
            Object {
              "backgroundColor": "#67e8f9",
              "borderRadius": 25,
              "height": 8,
              "marginLeft": 16,
              "marginRight": 16,
              "width": "50%",
            },
          ]
        }
        w="50%"
      />
      <View
        aria-orientation="horizontal"
        bg="cyan.300"
        height="1px"
        my={2}
        style={
          Array [
            Object {
              "backgroundColor": "#67e8f9",
              "height": 1,
              "marginBottom": 8,
              "marginTop": 8,
              "width": "100%",
            },
          ]
        }
        width="100%"
      />
      <View
        bg="cyan.300"
        h="8px"
        mx={4}
        rounded="pill"
        style={
          Array [
            Object {
              "backgroundColor": "#67e8f9",
              "borderRadius": 25,
              "height": 8,
              "marginLeft": 16,
              "marginRight": 16,
              "width": "37%",
            },
          ]
        }
        w="37%"
      />
      <View
        aria-orientation="horizontal"
        bg="cyan.300"
        height="1px"
        my={2}
        style={
          Array [
            Object {
              "backgroundColor": "#67e8f9",
              "height": 1,
              "marginBottom": 8,
              "marginTop": 8,
              "width": "100%",
            },
          ]
        }
        width="100%"
      />
      <View
        bg="cyan.300"
        h="8px"
        mx={4}
        rounded="pill"
        style={
          Array [
            Object {
              "backgroundColor": "#67e8f9",
              "borderRadius": 25,
              "height": 8,
              "marginLeft": 16,
              "marginRight": 16,
              "width": "47%",
            },
          ]
        }
        w="47%"
      />
    </View>
  </View>
</RNCSafeAreaProvider>
`;
