// Jest Snapshot v1, https://goo.gl/fbAQLP

exports[`renders correctly 1`] = `
<RNCSafeAreaProvider
  onInsetsChange={[Function]}
  style={
    Array [
      Object {
        "flex": 1,
      },
      undefined,
    ]
  }
>
  <View
    alignItems="center"
    bg="error.400"
    flexDirection="row"
    m={4}
    p={2}
    rounded="md"
    style={
      Array [
        Object {
          "alignItems": "center",
          "backgroundColor": "#f87171",
          "borderRadius": 4,
          "flexDirection": "row",
          "marginBottom": 16,
          "marginLeft": 16,
          "marginRight": 16,
          "marginTop": 16,
          "paddingBottom": 8,
          "paddingLeft": 8,
          "paddingRight": 8,
          "paddingTop": 8,
          "width": "70%",
        },
      ]
    }
    w="70%"
  >
    <View
      bg="error.200"
      rounded="full"
      size="24px"
      style={
        Array [
          Object {
            "backgroundColor": "#fecaca",
            "borderRadius": 9999,
            "height": 24,
            "width": 24,
          },
        ]
      }
    />
    <View
      style={
        Array [
          Object {
            "width": 12,
          },
        ]
      }
      width={3}
    />
    <View
      flex={1}
      style={
        Array [
          Object {
            "flexBasis": 0,
            "flexGrow": 1,
            "flexShrink": 1,
          },
        ]
      }
    >
      <View
        bg="gray.100"
        h="11px"
        rounded="sm"
        style={
          Array [
            Object {
              "backgroundColor": "#f4f4f5",
              "borderRadius": 2,
              "height": 11,
              "width": "50%",
            },
          ]
        }
        w="50%"
      />
      <View
        height={1}
        style={
          Array [
            Object {
              "height": 4,
            },
          ]
        }
      />
      <View
        bg="gray.100"
        h="8px"
        rounded="pill"
        style={
          Array [
            Object {
              "backgroundColor": "#f4f4f5",
              "borderRadius": 25,
              "height": 8,
              "width": "100%",
            },
          ]
        }
        w="100%"
      />
    </View>
  </View>
</RNCSafeAreaProvider>
`;
