// Jest Snapshot v1, https://goo.gl/fbAQLP

exports[`renders correctly 1`] = `
<RNCSafeAreaProvider
  onInsetsChange={[Function]}
  style={
    Array [
      Object {
        "flex": 1,
      },
      undefined,
    ]
  }
>
  <View
    bg="pink.500"
    size={12}
    style={
      Array [
        Object {
          "backgroundColor": "#ec4899",
          "height": 48,
          "width": 48,
        },
      ]
    }
  />
</RNCSafeAreaProvider>
`;
