// Jest Snapshot v1, https://goo.gl/fbAQLP

exports[`renders correctly 1`] = `
<RNCSafeAreaProvider
  onInsetsChange={[Function]}
  style={
    Array [
      Object {
        "flex": 1,
      },
      undefined,
    ]
  }
>
  <View
    bg="cyan.400"
    overflow="hidden"
    p={4}
    position="relative"
    rounded="lg"
    style={
      Array [
        Object {
          "backgroundColor": "#22d3ee",
          "borderRadius": 6,
          "overflow": "hidden",
          "paddingBottom": 16,
          "paddingLeft": 16,
          "paddingRight": 16,
          "paddingTop": 16,
          "position": "relative",
          "width": "70%",
        },
      ]
    }
    w="70%"
  >
    <View
      bg="cyan.700"
      opacity={0.6}
      position="absolute"
      right="-12"
      rounded="full"
      size={20}
      style={
        Array [
          Object {
            "backgroundColor": "#0e7490",
            "borderRadius": 9999,
            "height": 80,
            "opacity": 0.6,
            "position": "absolute",
            "right": -12,
            "top": -12,
            "width": 80,
            "zIndex": -1,
          },
        ]
      }
      top="-12"
      zIndex={-1}
    />
    <View
      bg="gray.100"
      h="11px"
      rounded="pill"
      style={
        Array [
          Object {
            "backgroundColor": "#f4f4f5",
            "borderRadius": 25,
            "height": 11,
          },
        ]
      }
    />
  </View>
</RNCSafeAreaProvider>
`;
