// Jest Snapshot v1, https://goo.gl/fbAQLP

exports[`renders correctly 1`] = `
<RNCSafeAreaProvider
  onInsetsChange={[Function]}
  style={
    Array [
      Object {
        "flex": 1,
      },
      undefined,
    ]
  }
>
  <View
    h={20}
    style={
      Array [
        Object {
          "height": 80,
          "width": 80,
        },
      ]
    }
    w={20}
  >
    <View
      bg="lime.500"
      flex={1}
      flexDirection="row"
      h={20}
      style={
        Array [
          Object {
            "backgroundColor": "#84cc16",
            "flexBasis": 0,
            "flexDirection": "row",
            "flexGrow": 1,
            "flexShrink": 1,
            "height": 80,
          },
        ]
      }
    >
      <View
        bg="violet.200"
        flex={1}
        style={
          Array [
            Object {
              "backgroundColor": "#ddd6fe",
              "flexBasis": 0,
              "flexGrow": 1,
              "flexShrink": 1,
            },
          ]
        }
      />
      <View
        aria-orientation="vertical"
        bg="muted.500"
        border={2}
        borderColor="violet.600"
        height="100%"
        style={
          Array [
            Object {
              "backgroundColor": "#737373",
              "borderColor": "#7c3aed",
              "borderStyle": "solid",
              "borderWidth": 2,
              "height": "100%",
              "width": 1,
            },
          ]
        }
        width="1px"
      />
      <View
        bg="violet.300"
        flex={1}
        style={
          Array [
            Object {
              "backgroundColor": "#c4b5fd",
              "flexBasis": 0,
              "flexGrow": 1,
              "flexShrink": 1,
            },
          ]
        }
      />
    </View>
    <View
      aria-orientation="horizontal"
      bg="muted.500"
      border={2}
      borderColor="violet.600"
      height="1px"
      style={
        Array [
          Object {
            "backgroundColor": "#737373",
            "borderColor": "#7c3aed",
            "borderStyle": "solid",
            "borderWidth": 2,
            "height": 1,
            "width": "100%",
          },
        ]
      }
      width="100%"
    />
    <View
      bg="violet.400"
      flex={1}
      style={
        Array [
          Object {
            "backgroundColor": "#a78bfa",
            "flexBasis": 0,
            "flexGrow": 1,
            "flexShrink": 1,
          },
        ]
      }
    />
  </View>
</RNCSafeAreaProvider>
`;
