// Jest Snapshot v1, https://goo.gl/fbAQLP

exports[`renders correctly 1`] = `
<RNCSafeAreaProvider
  onInsetsChange={[Function]}
  style={
    Array [
      Object {
        "flex": 1,
      },
      undefined,
    ]
  }
>
  <View
    bg="blue.400"
    overflow="hidden"
    p={4}
    position="relative"
    rounded="lg"
    style={
      Array [
        Object {
          "backgroundColor": "#60a5fa",
          "borderRadius": 6,
          "overflow": "hidden",
          "paddingBottom": 16,
          "paddingLeft": 16,
          "paddingRight": 16,
          "paddingTop": 16,
          "position": "relative",
        },
      ]
    }
  >
    <View
      bg="blue.700"
      left={5}
      opacity={0.6}
      position="absolute"
      rounded="full"
      size={20}
      style={
        Array [
          Object {
            "backgroundColor": "#1d4ed8",
            "borderRadius": 9999,
            "height": 80,
            "left": 20,
            "opacity": 0.6,
            "position": "absolute",
            "top": -2,
            "width": 80,
            "zIndex": -1,
          },
        ]
      }
      top={-2}
      zIndex={-1}
    />
    <View
      bg="gray.100"
      rounded="lg"
      size={6}
      style={
        Array [
          Object {
            "backgroundColor": "#f4f4f5",
            "borderRadius": 6,
            "height": 24,
            "width": 24,
          },
        ]
      }
    />
  </View>
</RNCSafeAreaProvider>
`;
