// Jest Snapshot v1, https://goo.gl/fbAQLP

exports[`renders correctly 1`] = `
<RNCSafeAreaProvider
  onInsetsChange={[Function]}
  style={
    Array [
      Object {
        "flex": 1,
      },
      undefined,
    ]
  }
>
  <View
    bg="pink.100"
    justifyContent="center"
    mt={6}
    p={4}
    rounded="md"
    style={
      Array [
        Object {
          "backgroundColor": "#fce7f3",
          "borderRadius": 4,
          "justifyContent": "center",
          "marginTop": 24,
          "paddingBottom": 16,
          "paddingLeft": 16,
          "paddingRight": 16,
          "paddingTop": 16,
          "width": "70%",
        },
      ]
    }
    w="70%"
  >
    <View
      bg="white"
      h="11px"
      opacity={0.8}
      rounded="sm"
      style={
        Array [
          Object {
            "backgroundColor": "#FFFFFF",
            "borderRadius": 2,
            "height": 11,
            "opacity": 0.8,
            "width": "50%",
          },
        ]
      }
      w="50%"
    />
    <View
      height={4}
      style={
        Array [
          Object {
            "height": 16,
          },
        ]
      }
    />
    <View
      style={
        Array [
          Object {},
        ]
      }
    >
      <View
        bg="white"
        h="7px"
        opacity={0.8}
        rounded="pill"
        style={
          Array [
            Object {
              "backgroundColor": "#FFFFFF",
              "borderRadius": 25,
              "height": 7,
              "opacity": 0.8,
              "width": "90%",
            },
          ]
        }
        w="90%"
      />
      <View
        height={1}
        style={
          Array [
            Object {
              "height": 4,
            },
          ]
        }
      />
      <View
        bg="white"
        h="7px"
        opacity={0.8}
        rounded="pill"
        style={
          Array [
            Object {
              "backgroundColor": "#FFFFFF",
              "borderRadius": 25,
              "height": 7,
              "opacity": 0.8,
              "width": "100%",
            },
          ]
        }
        w="100%"
      />
      <View
        height={1}
        style={
          Array [
            Object {
              "height": 4,
            },
          ]
        }
      />
      <View
        bg="white"
        h="7px"
        opacity={0.8}
        rounded="pill"
        style={
          Array [
            Object {
              "backgroundColor": "#FFFFFF",
              "borderRadius": 25,
              "height": 7,
              "opacity": 0.8,
              "width": "96%",
            },
          ]
        }
        w="96%"
      />
    </View>
    <View
      height={4}
      style={
        Array [
          Object {
            "height": 16,
          },
        ]
      }
    />
    <View
      alignSelf="flex-end"
      bg="pink.300"
      overflow="hidden"
      p={2}
      position="relative"
      px={3}
      rounded="lg"
      style={
        Array [
          Object {
            "alignSelf": "flex-end",
            "backgroundColor": "#f9a8d4",
            "borderRadius": 6,
            "overflow": "hidden",
            "paddingBottom": 8,
            "paddingLeft": 12,
            "paddingRight": 12,
            "paddingTop": 8,
            "position": "relative",
            "width": "65%",
          },
        ]
      }
      w="65%"
    >
      <View
        bg="pink.500"
        opacity={0.6}
        position="absolute"
        right="-32"
        rounded="full"
        size={20}
        style={
          Array [
            Object {
              "backgroundColor": "#ec4899",
              "borderRadius": 9999,
              "height": 80,
              "opacity": 0.6,
              "position": "absolute",
              "right": -32,
              "top": -10,
              "width": 80,
              "zIndex": -1,
            },
          ]
        }
        top="-10"
        zIndex={-1}
      />
      <View
        bg="white"
        h="7px"
        rounded="pill"
        style={
          Array [
            Object {
              "backgroundColor": "#FFFFFF",
              "borderRadius": 25,
              "height": 7,
            },
          ]
        }
      />
    </View>
  </View>
</RNCSafeAreaProvider>
`;
