// Jest Snapshot v1, https://goo.gl/fbAQLP

exports[`renders correctly 1`] = `
<RNCSafeAreaProvider
  onInsetsChange={[Function]}
  style={
    Array [
      Object {
        "flex": 1,
      },
      undefined,
    ]
  }
>
  <View
    bg="orange.100"
    mt={5}
    style={
      Array [
        Object {
          "backgroundColor": "#ffedd5",
          "marginTop": 20,
          "width": "60%",
        },
      ]
    }
    w="60%"
  >
    <View
      alignContent="center"
      m={2}
      style={
        Array [
          Object {
            "alignContent": "center",
            "marginBottom": 8,
            "marginLeft": 8,
            "marginRight": 8,
            "marginTop": 8,
          },
        ]
      }
    >
      <View
        alignContent="center"
        style={
          Array [
            Object {
              "alignContent": "center",
            },
          ]
        }
      >
        <View
          bg="amber.500"
          borderRadius={3}
          h={3}
          mb={1}
          opacity={0.5}
          style={
            Array [
              Object {
                "backgroundColor": "#f59e0b",
                "borderRadius": 3,
                "height": 12,
                "marginBottom": 4,
                "opacity": 0.5,
                "width": "40%",
              },
            ]
          }
          w="40%"
        />
        <View
          height={1}
          style={
            Array [
              Object {
                "height": 4,
              },
            ]
          }
        />
        <View
          bg="amber.500"
          borderRadius={6}
          h={1}
          opacity={0.5}
          style={
            Array [
              Object {
                "backgroundColor": "#f59e0b",
                "borderRadius": 6,
                "height": 4,
                "opacity": 0.5,
                "width": "100%",
              },
            ]
          }
          w="100%"
        />
        <View
          height={1}
          style={
            Array [
              Object {
                "height": 4,
              },
            ]
          }
        />
        <View
          bg="amber.500"
          borderRadius={6}
          h={1}
          opacity={0.5}
          style={
            Array [
              Object {
                "backgroundColor": "#f59e0b",
                "borderRadius": 6,
                "height": 4,
                "opacity": 0.5,
                "width": "100%",
              },
            ]
          }
          w="100%"
        />
        <View
          height={1}
          style={
            Array [
              Object {
                "height": 4,
              },
            ]
          }
        />
        <View
          bg="amber.500"
          borderRadius={6}
          h={1}
          opacity={0.5}
          style={
            Array [
              Object {
                "backgroundColor": "#f59e0b",
                "borderRadius": 6,
                "height": 4,
                "opacity": 0.5,
                "width": "100%",
              },
            ]
          }
          w="100%"
        />
      </View>
      <View
        height={3}
        style={
          Array [
            Object {
              "height": 12,
            },
          ]
        }
      />
      <View
        alignContent="center"
        style={
          Array [
            Object {
              "alignContent": "center",
            },
          ]
        }
      >
        <View
          bg="amber.500"
          borderRadius={3}
          h={3}
          mb={1}
          opacity={0.5}
          style={
            Array [
              Object {
                "backgroundColor": "#f59e0b",
                "borderRadius": 3,
                "height": 12,
                "marginBottom": 4,
                "opacity": 0.5,
                "width": "40%",
              },
            ]
          }
          w="40%"
        />
        <View
          height={1}
          style={
            Array [
              Object {
                "height": 4,
              },
            ]
          }
        />
        <View
          bg="amber.500"
          borderRadius={6}
          h={1}
          opacity={0.5}
          style={
            Array [
              Object {
                "backgroundColor": "#f59e0b",
                "borderRadius": 6,
                "height": 4,
                "opacity": 0.5,
                "width": "100%",
              },
            ]
          }
          w="100%"
        />
        <View
          height={1}
          style={
            Array [
              Object {
                "height": 4,
              },
            ]
          }
        />
        <View
          bg="amber.500"
          borderRadius={6}
          h={1}
          opacity={0.5}
          style={
            Array [
              Object {
                "backgroundColor": "#f59e0b",
                "borderRadius": 6,
                "height": 4,
                "opacity": 0.5,
                "width": "100%",
              },
            ]
          }
          w="100%"
        />
        <View
          height={1}
          style={
            Array [
              Object {
                "height": 4,
              },
            ]
          }
        />
        <View
          bg="amber.500"
          borderRadius={6}
          h={1}
          opacity={0.5}
          style={
            Array [
              Object {
                "backgroundColor": "#f59e0b",
                "borderRadius": 6,
                "height": 4,
                "opacity": 0.5,
                "width": "100%",
              },
            ]
          }
          w="100%"
        />
      </View>
      <View
        height={3}
        style={
          Array [
            Object {
              "height": 12,
            },
          ]
        }
      />
      <View
        alignContent="center"
        style={
          Array [
            Object {
              "alignContent": "center",
            },
          ]
        }
      >
        <View
          bg="amber.500"
          borderRadius={3}
          h={3}
          mb={1}
          opacity={0.5}
          style={
            Array [
              Object {
                "backgroundColor": "#f59e0b",
                "borderRadius": 3,
                "height": 12,
                "marginBottom": 4,
                "opacity": 0.5,
                "width": "40%",
              },
            ]
          }
          w="40%"
        />
        <View
          height={1}
          style={
            Array [
              Object {
                "height": 4,
              },
            ]
          }
        />
        <View
          bg="amber.500"
          borderRadius={6}
          h={1}
          opacity={0.5}
          style={
            Array [
              Object {
                "backgroundColor": "#f59e0b",
                "borderRadius": 6,
                "height": 4,
                "opacity": 0.5,
                "width": "100%",
              },
            ]
          }
          w="100%"
        />
        <View
          height={1}
          style={
            Array [
              Object {
                "height": 4,
              },
            ]
          }
        />
        <View
          bg="amber.500"
          borderRadius={6}
          h={1}
          opacity={0.5}
          style={
            Array [
              Object {
                "backgroundColor": "#f59e0b",
                "borderRadius": 6,
                "height": 4,
                "opacity": 0.5,
                "width": "100%",
              },
            ]
          }
          w="100%"
        />
        <View
          height={1}
          style={
            Array [
              Object {
                "height": 4,
              },
            ]
          }
        />
        <View
          bg="amber.500"
          borderRadius={6}
          h={1}
          opacity={0.5}
          style={
            Array [
              Object {
                "backgroundColor": "#f59e0b",
                "borderRadius": 6,
                "height": 4,
                "opacity": 0.5,
                "width": "100%",
              },
            ]
          }
          w="100%"
        />
      </View>
    </View>
  </View>
</RNCSafeAreaProvider>
`;
