// Jest Snapshot v1, https://goo.gl/fbAQLP

exports[`renders correctly 1`] = `
<RNCSafeAreaProvider
  onInsetsChange={[Function]}
  style={
    Array [
      Object {
        "flex": 1,
      },
      undefined,
    ]
  }
>
  <View
    justifyContent="center"
    style={
      Array [
        Object {
          "justifyContent": "center",
          "width": "80%",
        },
      ]
    }
    w="80%"
  >
    <View
      borderColor="transparent"
      borderRadius="lg"
      borderWidth={1}
      style={
        Array [
          Object {
            "borderColor": "transparent",
            "borderRadius": 6,
            "borderWidth": 1,
          },
        ]
      }
    >
      <View
        accessibilityRole="button"
        accessible={true}
        focusable={true}
        onBlur={[Function]}
        onClick={[Function]}
        onFocus={[Function]}
        onResponderGrant={[Function]}
        onResponderMove={[Function]}
        onResponderRelease={[Function]}
        onResponderTerminate={[Function]}
        onResponderTerminationRequest={[Function]}
        onStartShouldSetResponder={[Function]}
      >
        <View
          pointerEvents="none"
        >
          <View
            alignItems="center"
            bg="muted.700"
            borderColor="muted.600"
            borderRadius="lg"
            borderWidth={1}
            display="flex"
            flexDirection="row"
            justifyContent="space-between"
            opacity={0.8}
            overflow="hidden"
            style={
              Array [
                Object {
                  "alignItems": "center",
                  "backgroundColor": "#404040",
                  "borderColor": "#525252",
                  "borderRadius": 6,
                  "borderWidth": 1,
                  "display": "flex",
                  "flexDirection": "row",
                  "justifyContent": "space-between",
                  "opacity": 0.8,
                  "overflow": "hidden",
                },
              ]
            }
          >
            <TextInput
              accessible={true}
              allowFontScaling={true}
              aria-hidden={true}
              background="transparent"
              bg="muted.700"
              borderColor="muted.600"
              borderRadius="lg"
              borderWidth={0}
              color="white"
              disabled={true}
              editable={false}
              flex={1}
              focusable={false}
              fontSize="md"
              fontStyle="normal"
              fontWeight={400}
              importantForAccessibility="no"
              onBlur={[Function]}
              onFocus={[Function]}
              onKeyPress={[Function]}
              opacity={0.8}
              placeholderTextColor="#737373"
              px={4}
              py={3}
              rejectResponderTermination={true}
              secureTextEntry={false}
              style={
                Array [
                  Object {
                    "backgroundColor": "#404040",
                    "borderColor": "#525252",
                    "borderRadius": 6,
                    "borderWidth": 0,
                    "color": "#FFFFFF",
                    "flexBasis": 0,
                    "flexGrow": 1,
                    "flexShrink": 1,
                    "fontSize": 16,
                    "fontStyle": "normal",
                    "fontWeight": "400",
                    "opacity": 0.8,
                    "paddingBottom": 12,
                    "paddingLeft": 16,
                    "paddingRight": 16,
                    "paddingTop": 12,
                  },
                ]
              }
              underlineColorAndroid="transparent"
              variant="outline"
            />
            <RNSVGSvgView
              accessibilityRole="image"
              bbHeight={20}
              bbWidth={20}
              color={4294309365}
              focusable={false}
              mr={2}
              size={5}
              stroke=""
              style={
                Array [
                  Object {
                    "backgroundColor": "transparent",
                    "borderWidth": 0,
                  },
                  Array [
                    Object {
                      "color": "#f5f5f5",
                      "height": 20,
                      "marginRight": 8,
                      "width": 20,
                    },
                  ],
                  Object {
                    "flex": 0,
                    "height": 20,
                    "width": 20,
                  },
                ]
              }
              tintColor={4294309365}
            >
              <RNSVGGroup
                propList={
                  Array [
                    "stroke",
                  ]
                }
                stroke={null}
              >
                <RNSVGGroup>
                  <RNSVGPath
                    d="M16.59 8.59L12 13.17 7.41 8.59 6 10l6 6 6-6z"
                    fill={
                      Array [
                        2,
                      ]
                    }
                    propList={
                      Array [
                        "fill",
                        "stroke",
                      ]
                    }
                    stroke={null}
                  />
                </RNSVGGroup>
              </RNSVGGroup>
            </RNSVGSvgView>
          </View>
        </View>
      </View>
    </View>
    <View
      style={
        Array [
          Object {},
        ]
      }
    />
    <View
      bg="gray.100"
      h="8px"
      mx={5}
      position="absolute"
      rounded="pill"
      style={
        Array [
          Object {
            "backgroundColor": "#f4f4f5",
            "borderRadius": 25,
            "height": 8,
            "marginLeft": 20,
            "marginRight": 20,
            "position": "absolute",
            "width": "40%",
          },
        ]
      }
      w="40%"
    />
  </View>
</RNCSafeAreaProvider>
`;
