// Jest Snapshot v1, https://goo.gl/fbAQLP

exports[`renders correctly 1`] = `
<RNCSafeAreaProvider
  onInsetsChange={[Function]}
  style={
    Array [
      Object {
        "flex": 1,
      },
      undefined,
    ]
  }
>
  <View
    style={
      Array [
        Object {},
      ]
    }
  >
    <View
      flexDirection="row"
      mt={3}
      style={
        Array [
          Object {
            "flexDirection": "row",
            "marginTop": 12,
          },
          Object {
            "elevation": 7,
            "shadowColor": "#000000",
            "shadowOffset": Object {
              "height": 3,
              "width": 0,
            },
            "shadowOpacity": 0.29,
            "shadowRadius": 4.65,
          },
        ]
      }
    >
      <View
        bg="warmGray.100"
        h={3}
        style={
          Array [
            Object {
              "backgroundColor": "#f5f5f4",
              "height": 12,
              "width": 50,
            },
          ]
        }
        w={50}
      />
      <View
        style={
          Array [
            Object {},
          ]
        }
      />
      <View
        bg="red.300"
        h={3}
        style={
          Array [
            Object {
              "backgroundColor": "#fca5a5",
              "height": 12,
              "width": 50,
            },
          ]
        }
        w={50}
      />
      <View
        style={
          Array [
            Object {},
          ]
        }
      />
      <View
        bg="purple.500"
        h={3}
        style={
          Array [
            Object {
              "backgroundColor": "#a855f7",
              "height": 12,
              "width": 50,
            },
          ]
        }
        w={50}
      />
    </View>
    <View
      alignSelf="center"
      flexDirection="column"
      mt={3}
      style={
        Array [
          Object {
            "alignSelf": "center",
            "flexDirection": "column",
            "marginTop": 12,
            "width": 100,
          },
          Object {
            "elevation": 7,
            "shadowColor": "#000000",
            "shadowOffset": Object {
              "height": 3,
              "width": 0,
            },
            "shadowOpacity": 0.29,
            "shadowRadius": 4.65,
          },
        ]
      }
      w={100}
    >
      <View
        bg="red.50"
        h={3}
        style={
          Array [
            Object {
              "backgroundColor": "#fef2f2",
              "height": 12,
              "width": 100,
            },
          ]
        }
        w={100}
      />
      <View
        style={
          Array [
            Object {},
          ]
        }
      />
      <View
        bg="red.300"
        h={3}
        style={
          Array [
            Object {
              "backgroundColor": "#fca5a5",
              "height": 12,
              "width": 100,
            },
          ]
        }
        w={100}
      />
      <View
        style={
          Array [
            Object {},
          ]
        }
      />
      <View
        bg="purple.500"
        h={3}
        style={
          Array [
            Object {
              "backgroundColor": "#a855f7",
              "height": 12,
              "width": 100,
            },
          ]
        }
        w={100}
      />
    </View>
  </View>
</RNCSafeAreaProvider>
`;
