// Jest Snapshot v1, https://goo.gl/fbAQLP

exports[`renders correctly 1`] = `
<RNCSafeAreaProvider
  onInsetsChange={[Function]}
  style={
    Array [
      Object {
        "flex": 1,
      },
      undefined,
    ]
  }
>
  <View
    alignItems="center"
    style={
      Array [
        Object {
          "alignItems": "center",
          "width": "80%",
        },
      ]
    }
    w="80%"
  >
    <View
      alignItems="center"
      bg="blue.100"
      flexDirection="row"
      p={2}
      rounded="md"
      style={
        Array [
          Object {
            "alignItems": "center",
            "backgroundColor": "#dbeafe",
            "borderRadius": 4,
            "flexDirection": "row",
            "paddingBottom": 8,
            "paddingLeft": 8,
            "paddingRight": 8,
            "paddingTop": 8,
            "width": "80%",
            "zIndex": 9,
          },
        ]
      }
      w="80%"
      zIndex={9}
    >
      <View
        bg="blue.500"
        rounded="full"
        size="24px"
        style={
          Array [
            Object {
              "backgroundColor": "#3b82f6",
              "borderRadius": 9999,
              "height": 24,
              "width": 24,
            },
          ]
        }
      />
      <View
        style={
          Array [
            Object {
              "width": 12,
            },
          ]
        }
        width={3}
      />
      <View
        flex={1}
        style={
          Array [
            Object {
              "flexBasis": 0,
              "flexGrow": 1,
              "flexShrink": 1,
            },
          ]
        }
      >
        <View
          bg="gray.600"
          h="11px"
          rounded="sm"
          style={
            Array [
              Object {
                "backgroundColor": "#52525b",
                "borderRadius": 2,
                "height": 11,
                "width": "50%",
              },
            ]
          }
          w="50%"
        />
        <View
          height={1}
          style={
            Array [
              Object {
                "height": 4,
              },
            ]
          }
        />
        <View
          bg="gray.600"
          h="8px"
          rounded="pill"
          style={
            Array [
              Object {
                "backgroundColor": "#52525b",
                "borderRadius": 25,
                "height": 8,
                "width": "100%",
              },
            ]
          }
          w="100%"
        />
      </View>
    </View>
    <View
      style={
        Array [
          Object {},
        ]
      }
    />
    <View
      alignItems="center"
      bg="blue.100"
      flexDirection="row"
      mt={4}
      opacity={0.5}
      p={2}
      position="absolute"
      rounded="md"
      style={
        Array [
          Object {
            "alignItems": "center",
            "backgroundColor": "#dbeafe",
            "borderRadius": 4,
            "flexDirection": "row",
            "marginTop": 16,
            "opacity": 0.5,
            "paddingBottom": 8,
            "paddingLeft": 8,
            "paddingRight": 8,
            "paddingTop": 8,
            "position": "absolute",
            "width": "65%",
            "zIndex": 1,
          },
        ]
      }
      w="65%"
      zIndex={1}
    >
      <View
        bg="blue.500"
        rounded="full"
        size="24px"
        style={
          Array [
            Object {
              "backgroundColor": "#3b82f6",
              "borderRadius": 9999,
              "height": 24,
              "width": 24,
            },
          ]
        }
      />
      <View
        style={
          Array [
            Object {
              "width": 12,
            },
          ]
        }
        width={3}
      />
      <View
        flex={1}
        style={
          Array [
            Object {
              "flexBasis": 0,
              "flexGrow": 1,
              "flexShrink": 1,
            },
          ]
        }
      >
        <View
          bg="gray.600"
          h="11px"
          rounded="sm"
          style={
            Array [
              Object {
                "backgroundColor": "#52525b",
                "borderRadius": 2,
                "height": 11,
                "width": "50%",
              },
            ]
          }
          w="50%"
        />
        <View
          height={1}
          style={
            Array [
              Object {
                "height": 4,
              },
            ]
          }
        />
        <View
          bg="gray.600"
          h="8px"
          rounded="pill"
          style={
            Array [
              Object {
                "backgroundColor": "#52525b",
                "borderRadius": 25,
                "height": 8,
                "width": "100%",
              },
            ]
          }
          w="100%"
        />
      </View>
    </View>
    <View
      style={
        Array [
          Object {},
        ]
      }
    />
    <View
      alignItems="center"
      bg="blue.100"
      flexDirection="row"
      mt={8}
      opacity={0.1}
      p={2}
      position="absolute"
      rounded="md"
      style={
        Array [
          Object {
            "alignItems": "center",
            "backgroundColor": "#dbeafe",
            "borderRadius": 4,
            "flexDirection": "row",
            "marginTop": 32,
            "opacity": 0.1,
            "paddingBottom": 8,
            "paddingLeft": 8,
            "paddingRight": 8,
            "paddingTop": 8,
            "position": "absolute",
            "width": "40%",
            "zIndex": -1,
          },
        ]
      }
      w="40%"
      zIndex={-1}
    >
      <View
        bg="blue.500"
        rounded="full"
        size="24px"
        style={
          Array [
            Object {
              "backgroundColor": "#3b82f6",
              "borderRadius": 9999,
              "height": 24,
              "width": 24,
            },
          ]
        }
      />
      <View
        style={
          Array [
            Object {
              "width": 12,
            },
          ]
        }
        width={3}
      />
      <View
        flex={1}
        style={
          Array [
            Object {
              "flexBasis": 0,
              "flexGrow": 1,
              "flexShrink": 1,
            },
          ]
        }
      >
        <View
          bg="gray.600"
          h="11px"
          rounded="sm"
          style={
            Array [
              Object {
                "backgroundColor": "#52525b",
                "borderRadius": 2,
                "height": 11,
                "width": "50%",
              },
            ]
          }
          w="50%"
        />
        <View
          height={1}
          style={
            Array [
              Object {
                "height": 4,
              },
            ]
          }
        />
        <View
          bg="gray.600"
          h="8px"
          rounded="pill"
          style={
            Array [
              Object {
                "backgroundColor": "#52525b",
                "borderRadius": 25,
                "height": 8,
                "width": "100%",
              },
            ]
          }
          w="100%"
        />
      </View>
    </View>
  </View>
</RNCSafeAreaProvider>
`;
